\BOOKMARK [1][-]{section.1}{\376\377\225\356\230\230\200\314\146\157}{}% 1
\BOOKMARK [2][-]{subsection.1.1}{\376\377\121\110\213\262\166\364\211\311}{section.1}% 2
\BOOKMARK [2][-]{subsection.1.2}{\376\377\121\215\213\262\133\232\116\111}{section.1}% 3
\BOOKMARK [2][-]{subsection.1.3}{\376\377\121\215\213\262\147\054\142\245\124\112\116\055\166\204\133\236\163\260\116\016\176\323\147\234}{section.1}% 4
\BOOKMARK [2][-]{subsection.1.4}{\376\377\146\023\225\031\160\271}{section.1}% 5
\BOOKMARK [2][-]{subsection.1.5}{\376\377\201\352\155\113\230\230}{section.1}% 6
\BOOKMARK [1][-]{section.2}{\376\377\150\070\137\303\151\202\137\365}{}% 7
\BOOKMARK [2][-]{subsection.2.1}{\376\377\121\110\213\262\166\364\211\311}{section.2}% 8
\BOOKMARK [2][-]{subsection.2.2}{\376\377\121\215\213\262\133\232\116\111}{section.2}% 9
\BOOKMARK [2][-]{subsection.2.3}{\376\377\121\215\213\262\147\054\142\245\124\112\116\055\166\204\133\236\163\260\116\016\176\323\147\234}{section.2}% 10
\BOOKMARK [2][-]{subsection.2.4}{\376\377\146\023\225\031\160\271}{section.2}% 11
\BOOKMARK [2][-]{subsection.2.5}{\376\377\201\352\155\113\230\230}{section.2}% 12
\BOOKMARK [1][-]{section.3}{\376\377\000R\000A\000G\000\040\127\372\170\100}{}% 13
\BOOKMARK [2][-]{subsection.3.1}{\376\377\121\110\213\262\166\364\211\311}{section.3}% 14
\BOOKMARK [2][-]{subsection.3.2}{\376\377\121\215\213\262\133\232\116\111}{section.3}% 15
\BOOKMARK [2][-]{subsection.3.3}{\376\377\121\215\213\262\147\054\142\245\124\112\116\055\166\204\133\236\163\260\116\016\176\323\147\234}{section.3}% 16
\BOOKMARK [2][-]{subsection.3.4}{\376\377\146\023\225\031\160\271}{section.3}% 17
\BOOKMARK [2][-]{subsection.3.5}{\376\377\201\352\155\113\230\230}{section.3}% 18
\BOOKMARK [1][-]{section.4}{\376\377\221\321\207\215\147\345\213\342\226\276\160\271}{}% 19
\BOOKMARK [2][-]{subsection.4.1}{\376\377\121\110\213\262\166\364\211\311}{section.4}% 20
\BOOKMARK [2][-]{subsection.4.2}{\376\377\121\215\213\262\133\232\116\111}{section.4}% 21
\BOOKMARK [2][-]{subsection.4.3}{\376\377\121\215\213\262\147\054\142\245\124\112\116\055\166\204\133\236\163\260\116\016\176\323\147\234}{section.4}% 22
\BOOKMARK [2][-]{subsection.4.4}{\376\377\146\023\225\031\160\271}{section.4}% 23
\BOOKMARK [2][-]{subsection.4.5}{\376\377\201\352\155\113\230\230}{section.4}% 24
\BOOKMARK [1][-]{section.5}{\376\377\117\140\166\204\145\271\154\325\126\333\152\041\127\127}{}% 25
\BOOKMARK [2][-]{subsection.5.1}{\376\377\121\110\213\262\166\364\211\311}{section.5}% 26
\BOOKMARK [2][-]{subsection.5.2}{\376\377\121\215\213\262\133\232\116\111}{section.5}% 27
\BOOKMARK [2][-]{subsection.5.3}{\376\377\121\215\213\262\147\054\142\245\124\112\116\055\166\204\133\236\163\260\116\016\176\323\147\234}{section.5}% 28
\BOOKMARK [2][-]{subsection.5.4}{\376\377\146\023\225\031\160\271}{section.5}% 29
\BOOKMARK [2][-]{subsection.5.5}{\376\377\201\352\155\113\230\230}{section.5}% 30
\BOOKMARK [1][-]{section.6}{\376\377\133\236\232\214\167\351\226\065\211\343\213\373}{}% 31
\BOOKMARK [2][-]{subsection.6.1}{\376\377\121\110\213\262\166\364\211\311}{section.6}% 32
\BOOKMARK [2][-]{subsection.6.2}{\376\377\121\215\213\262\133\232\116\111}{section.6}% 33
\BOOKMARK [2][-]{subsection.6.3}{\376\377\121\215\213\262\147\054\142\245\124\112\116\055\166\204\133\236\163\260\116\016\176\323\147\234}{section.6}% 34
\BOOKMARK [2][-]{subsection.6.4}{\376\377\146\023\225\031\160\271}{section.6}% 35
\BOOKMARK [2][-]{subsection.6.5}{\376\377\201\352\155\113\230\230}{section.6}% 36
\BOOKMARK [1][-]{section.7}{\376\377\121\163\225\056\176\323\213\272}{}% 37
\BOOKMARK [2][-]{subsection.7.1}{\376\377\121\110\213\262\166\364\211\311}{section.7}% 38
\BOOKMARK [2][-]{subsection.7.2}{\376\377\121\215\213\262\133\232\116\111}{section.7}% 39
\BOOKMARK [2][-]{subsection.7.3}{\376\377\121\215\213\262\147\054\142\245\124\112\116\055\166\204\133\236\163\260\116\016\176\323\147\234}{section.7}% 40
\BOOKMARK [2][-]{subsection.7.4}{\376\377\146\023\225\031\160\271}{section.7}% 41
\BOOKMARK [2][-]{subsection.7.5}{\376\377\201\352\155\113\230\230}{section.7}% 42
\BOOKMARK [1][-]{section.8}{\376\377\215\037\176\323\213\272\116\016\134\100\226\120}{}% 43
\BOOKMARK [2][-]{subsection.8.1}{\376\377\121\110\213\262\166\364\211\311}{section.8}% 44
\BOOKMARK [2][-]{subsection.8.2}{\376\377\121\215\213\262\133\232\116\111}{section.8}% 45
\BOOKMARK [2][-]{subsection.8.3}{\376\377\121\215\213\262\147\054\142\245\124\112\116\055\166\204\133\236\163\260\116\016\176\323\147\234}{section.8}% 46
\BOOKMARK [2][-]{subsection.8.4}{\376\377\146\023\225\031\160\271}{section.8}% 47
\BOOKMARK [2][-]{subsection.8.5}{\376\377\201\352\155\113\230\230}{section.8}% 48
\BOOKMARK [1][-]{section.9}{\376\377\131\015\163\260\133\236\144\315}{}% 49
\BOOKMARK [2][-]{subsection.9.1}{\376\377\121\110\213\262\166\364\211\311}{section.9}% 50
\BOOKMARK [2][-]{subsection.9.2}{\376\377\121\215\213\262\133\232\116\111}{section.9}% 51
\BOOKMARK [2][-]{subsection.9.3}{\376\377\121\215\213\262\147\054\142\245\124\112\116\055\166\204\133\236\163\260\116\016\176\323\147\234}{section.9}% 52
\BOOKMARK [2][-]{subsection.9.4}{\376\377\146\023\225\031\160\271}{section.9}% 53
\BOOKMARK [2][-]{subsection.9.5}{\376\377\201\352\155\113\230\230}{section.9}% 54
\BOOKMARK [1][-]{section.10}{\376\377\140\073\176\323\116\016\201\352\155\113}{}% 55
\BOOKMARK [2][-]{subsection.10.1}{\376\377\121\110\213\262\166\364\211\311}{section.10}% 56
\BOOKMARK [2][-]{subsection.10.2}{\376\377\121\215\213\262\133\232\116\111}{section.10}% 57
\BOOKMARK [2][-]{subsection.10.3}{\376\377\121\215\213\262\147\054\142\245\124\112\116\055\166\204\133\236\163\260\116\016\176\323\147\234}{section.10}% 58
\BOOKMARK [2][-]{subsection.10.4}{\376\377\146\023\225\031\160\271}{section.10}% 59
\BOOKMARK [2][-]{subsection.10.5}{\376\377\201\352\155\113\230\230}{section.10}% 60
\BOOKMARK [1][-]{appendix.A}{\376\377\226\104\137\125\377\032\121\163\225\056\143\007\150\007\220\037\147\345\123\141}{}% 61
\BOOKMARK [1][-]{appendix.B}{\376\377\226\104\137\125\377\032\213\301\143\156\156\220\133\232\117\115}{}% 62
\BOOKMARK [1][-]{appendix.C}{\376\377\226\104\137\125\377\032\147\000\134\017\150\110\117\213\143\250\157\024}{}% 63
\BOOKMARK [1][-]{appendix.D}{\376\377\226\104\137\125\377\032\173\124\217\251\123\343\137\204\116\016\201\352\147\345\156\005\123\125}{}% 64
